Godot Engine v4.7.1.stable.official.a13da4feb - https://godotengine.org
WARNING: Could not set V-Sync mode, as changing V-Sync mode is not supported by the graphics driver.
     at: set_use_vsync (platform/linuxbsd/x11/gl_manager_x11.cpp:372)
OpenGL API 4.5 (Core Profile) Mesa 25.2.8-0ubuntu0.24.04.2 - Compatibility - Using Device: Mesa - llvmpipe (LLVM 20.1.2, 256 bits)
WARNING: Started the engine as `root`/superuser. This is a security risk, and subsystems like audio may not work correctly.
Set the environment variable `GODOT_SILENCE_ROOT_WARNING` to 1 to silence this warning.
     at: setup2 (main/main.cpp:3577)
ALSA lib confmisc.c:855:(parse_card) cannot find card '0'
ALSA lib conf.c:5208:(_snd_config_evaluate) function snd_func_card_inum returned error: No such file or directory
ALSA lib confmisc.c:422:(snd_func_concat) error evaluating strings
ALSA lib conf.c:5208:(_snd_config_evaluate) function snd_func_concat returned error: No such file or directory
ALSA lib confmisc.c:1342:(snd_func_refer) error evaluating name
ALSA lib conf.c:5208:(_snd_config_evaluate) function snd_func_refer returned error: No such file or directory
ALSA lib conf.c:5731:(snd_config_expand) Evaluate error: No such file or directory
ALSA lib pcm.c:2721:(snd_pcm_open_noupdate) Unknown PCM default
ERROR: Condition "status < 0" is true. Returning: ERR_CANT_OPEN
   at: init_output_device (drivers/alsa/audio_driver_alsa.cpp:97)
WARNING: All audio drivers failed, falling back to the dummy driver.
     at: initialize (servers/audio/audio_server.cpp:258)

WARNING: FSR1 3D scaling is only available when using the Forward+ renderer.
     at: viewport_set_scaling_3d_mode (servers/rendering/renderer_viewport.cpp:1028)
CPD2007_HANDOFF_READY points=5
[REGION12_CROWN_DEBUG] index=0 global=(160.864, 2.6316, 172.2656) scale=(2.75, 1.45, 1.75)
[REGION12_CROWN_DEBUG] index=1 global=(164.0, 3.3996, 172.2656) scale=(3.4, 1.8, 1.95)
[REGION12_CROWN_DEBUG] index=2 global=(167.136, 2.6316, 172.2656) scale=(2.75, 1.45, 1.75)
REGION12_HANDOFF_POSITION name=HandoffCubeR11 sequence=1 position=(164.0, 0.78, 171.12)
REGION12_HANDOFF_POSITION name=HandoffSoleiraR12 sequence=2 position=(164.0, 0.92, 170.38)
REGION12_HANDOFF_POSITION name=HandoffHubR12 sequence=3 position=(164.0, 1.08, 169.4)
REGION12_RENDER_INVENTORY meshes=101 omni_lights=35 static_bodies=15
REGION12_RENDER_GROUP name=CavernaDoOrion meshes=18 omni_lights=3
REGION12_RENDER_GROUP name=CamaraDoOrionCube meshes=11 omni_lights=5
REGION12_RENDER_GROUP name=HubTemporal meshes=18 omni_lights=2
REGION12_RENDER_GROUP name=CupulaFinal meshes=16 omni_lights=3
REGION12_HANDOFF_COLLIDER name=ColisaoHandoffCubeR11 present=true
REGION12_HANDOFF_COLLIDER name=ColisaoHandoffSoleiraR12 present=true
REGION12_HANDOFF_COLLIDER name=ColisaoHandoffHubR12 present=true
[REGION12_PERF] fps=29.0 draw_calls=64.0 elapsed=5.0
[REGION12_PERF] fps=30.0 draw_calls=65.0 elapsed=10.0
[REGION12_PERF] fps=28.0 draw_calls=67.0 elapsed=15.1
[REGION12_PERF] fps=31.0 draw_calls=66.0 elapsed=20.1
[REGION12_PERF] fps=30.0 draw_calls=68.0 elapsed=25.1
[REGION12_PERF] fps=32.0 draw_calls=58.0 elapsed=30.1
[REGION12_PERF] fps=33.0 draw_calls=58.0 elapsed=35.1
