Godot Engine v4.7.1.stable.official.a13da4feb - https://godotengine.org
WARNING: Could not set V-Sync mode, as changing V-Sync mode is not supported by the graphics driver.
     at: set_use_vsync (platform/linuxbsd/x11/gl_manager_x11.cpp:372)
OpenGL API 4.5 (Core Profile) Mesa 25.2.8-0ubuntu0.24.04.2 - Compatibility - Using Device: Mesa - llvmpipe (LLVM 20.1.2, 256 bits)
WARNING: Started the engine as `root`/superuser. This is a security risk, and subsystems like audio may not work correctly.
Set the environment variable `GODOT_SILENCE_ROOT_WARNING` to 1 to silence this warning.
     at: setup2 (main/main.cpp:3577)
ALSA lib confmisc.c:855:(parse_card) cannot find card '0'
ALSA lib conf.c:5208:(_snd_config_evaluate) function snd_func_card_inum returned error: No such file or directory
ALSA lib confmisc.c:422:(snd_func_concat) error evaluating strings
ALSA lib conf.c:5208:(_snd_config_evaluate) function snd_func_concat returned error: No such file or directory
ALSA lib confmisc.c:1342:(snd_func_refer) error evaluating name
ALSA lib conf.c:5208:(_snd_config_evaluate) function snd_func_refer returned error: No such file or directory
ALSA lib conf.c:5731:(snd_config_expand) Evaluate error: No such file or directory
ALSA lib pcm.c:2721:(snd_pcm_open_noupdate) Unknown PCM default
ERROR: Condition "status < 0" is true. Returning: ERR_CANT_OPEN
   at: init_output_device (drivers/alsa/audio_driver_alsa.cpp:97)
WARNING: All audio drivers failed, falling back to the dummy driver.
     at: initialize (servers/audio/audio_server.cpp:258)

WARNING: FSR1 3D scaling is only available when using the Forward+ renderer.
     at: viewport_set_scaling_3d_mode (servers/rendering/renderer_viewport.cpp:1028)
LIGHT_INVENTORY dynamic_lights=4 max=16
LIGHT_BUDGET_CONTRACT=PASS
R10R11_DYNAMIC progress=0.00
R10R11_DYNAMIC progress=0.10
R10R11_DYNAMIC progress=0.19
R10R11_DYNAMIC progress=0.29
R10R11_DYNAMIC progress=0.39
R10R11_DYNAMIC progress=0.49
R10R11_DYNAMIC progress=0.58
R10R11_DYNAMIC progress=0.68
R10R11_DYNAMIC progress=0.78
R10R11_DYNAMIC progress=0.87
R10R11_DYNAMIC progress=0.97
CP-D2-R1R6-022_R10_R11_DYNAMIC_CAPTURE=PASS
