Godot Engine v4.7.1.stable.official.a13da4feb - https://godotengine.org
WARNING: Could not set V-Sync mode, as changing V-Sync mode is not supported by the graphics driver.
     at: set_use_vsync (platform/linuxbsd/x11/gl_manager_x11.cpp:372)
OpenGL API 4.5 (Core Profile) Mesa 25.2.8-0ubuntu0.24.04.2 - Compatibility - Using Device: Mesa - llvmpipe (LLVM 20.1.2, 256 bits)
WARNING: Started the engine as `root`/superuser. This is a security risk, and subsystems like audio may not work correctly.
Set the environment variable `GODOT_SILENCE_ROOT_WARNING` to 1 to silence this warning.
     at: setup2 (main/main.cpp:3577)
ALSA lib confmisc.c:855:(parse_card) cannot find card '0'
ALSA lib conf.c:5208:(_snd_config_evaluate) function snd_func_card_inum returned error: No such file or directory
ALSA lib confmisc.c:422:(snd_func_concat) error evaluating strings
ALSA lib conf.c:5208:(_snd_config_evaluate) function snd_func_concat returned error: No such file or directory
ALSA lib confmisc.c:1342:(snd_func_refer) error evaluating name
ALSA lib conf.c:5208:(_snd_config_evaluate) function snd_func_refer returned error: No such file or directory
ALSA lib conf.c:5731:(snd_config_expand) Evaluate error: No such file or directory
ALSA lib pcm.c:2721:(snd_pcm_open_noupdate) Unknown PCM default
ERROR: Condition "status < 0" is true. Returning: ERR_CANT_OPEN
   at: init_output_device (drivers/alsa/audio_driver_alsa.cpp:97)
WARNING: All audio drivers failed, falling back to the dummy driver.
     at: initialize (servers/audio/audio_server.cpp:258)

WARNING: FSR1 3D scaling is only available when using the Forward+ renderer.
     at: viewport_set_scaling_3d_mode (servers/rendering/renderer_viewport.cpp:1028)
WARNING: Screen-space reflections (SSR) are only available when using the Forward+ renderer.
     at: environment_set_ssr (servers/rendering/storage/environment_storage.cpp:653)
     GDScript backtrace (most recent call first):
         [0] _setup_environment (res://levels/LevelEnvironment.gd:64)
         [1] _ready (res://levels/LevelEnvironment.gd:21)
WARNING: SDFGI is only available when using the Forward+ renderer.
     at: environment_set_sdfgi (servers/rendering/storage/environment_storage.cpp:822)
     GDScript backtrace (most recent call first):
         [0] _setup_environment (res://levels/LevelEnvironment.gd:71)
         [1] _ready (res://levels/LevelEnvironment.gd:21)
MAP_MIRROR_BOUNDARY from=6 to=7 state=QA_BOUNDARY_PENDING distance=128.062484741211
MAP_MIRROR_BOUNDARY from=7 to=8 state=QA_BOUNDARY_PENDING distance=74.9666595458984
MAP_MIRROR_BOUNDARY from=8 to=9 state=QA_BOUNDARY_PENDING distance=22.3606796264648
MAP_MIRROR_BOUNDARY from=9 to=10 state=QA_BOUNDARY_PENDING distance=319.462036132812
MAP_MIRROR_BOUNDARY from=10 to=11 state=QA_BOUNDARY_PENDING distance=14.0
MAP_MIRROR_BOUNDARY from=11 to=12 state=QA_BOUNDARY_PENDING distance=449.782165527344
MAP_MIRROR_VALIDATION=RUNTIME_INSTANCE_CREATED
ORIGEM_REGION8_OBSERVATORY_READY (194.0, 31.29847, 404.0)
ORIGEM_REGION8_OBSERVATORY_READY (194.0, 31.29847, 404.0)
CPD2007_HANDOFF_READY points=5
REGION12_LIGHT_BUDGET kept=11 max=16 removed=24
MAP_MIRROR_VALIDATION=ACTIVE regions=7-12 markers=6 source=CartographicAnchors.gd
MAP_MIRROR_ANCHOR_CONTRACT chain=R9->R10->R11->R12 count=3 state=RUNTIME_QA_ONLY
MAP_MIRROR_HANDOFF_CONTRACT id=R07_R08 collider=ColliderCPD2007_R07_R08 authority=mapaorigem.webp physical=true state=QA_BOUNDARY_PENDING
MAP_MIRROR_HANDOFF_CONTRACT id=R08_R09 collider=ColliderCPD2007_R08_R09 authority=mapaorigem.webp physical=true state=QA_BOUNDARY_PENDING
MAP_MIRROR_HANDOFF_CONTRACT id=R09_R10 collider=ColisaoHandoffR9R10 authority=mapaorigem.webp physical=true state=QA_BOUNDARY_PENDING
MAP_MIRROR_HANDOFF_CONTRACT id=R10_R11 collider=ColisaoHandoffCubeR11 authority=mapaorigem.webp physical=true state=QA_BOUNDARY_PENDING
MAP_MIRROR_HANDOFF_CONTRACT id=R11_R12 collider=ColisaoHandoffHubR12 authority=mapaorigem.webp physical=true state=QA_BOUNDARY_PENDING
MAP_MIRROR_INVENTORY meshes=1727 omni_lights=138 static_bodies=140
MAP_MIRROR_HANDOFF name=R9_R10 present=true
MAP_MIRROR_HANDOFF name=R10_R11 present=true
MAP_MIRROR_HANDOFF name=R11_R12 present=true
MAP_MIRROR_HANDOFF_COLLIDERS count=5
[CP_D2_228_CAMERA] corrected R11_R12 final dome position=(164.0, 22.0, 195.0) target=(164.0, 18.0, 178.0)
MAP_MIRROR_QA_START player_position=(-116.0, 43.80777, 562.0)
