Godot Engine v4.7.1.stable.official.a13da4feb - https://godotengine.org
Vulkan 1.4.318 - Forward+ - Using Device #0: Unknown - llvmpipe (LLVM 20.1.2, 256 bits)
WARNING: Started the engine as `root`/superuser. This is a security risk, and subsystems like audio may not work correctly.
Set the environment variable `GODOT_SILENCE_ROOT_WARNING` to 1 to silence this warning.
     at: setup2 (main/main.cpp:3577)
ALSA lib confmisc.c:855:(parse_card) cannot find card '0'
ALSA lib conf.c:5208:(_snd_config_evaluate) function snd_func_card_inum returned error: No such file or directory
ALSA lib confmisc.c:422:(snd_func_concat) error evaluating strings
ALSA lib conf.c:5208:(_snd_config_evaluate) function snd_func_concat returned error: No such file or directory
ALSA lib confmisc.c:1342:(snd_func_refer) error evaluating name
ALSA lib conf.c:5208:(_snd_config_evaluate) function snd_func_refer returned error: No such file or directory
ALSA lib conf.c:5731:(snd_config_expand) Evaluate error: No such file or directory
ALSA lib pcm.c:2721:(snd_pcm_open_noupdate) Unknown PCM default
ERROR: Condition "status < 0" is true. Returning: ERR_CANT_OPEN
   at: init_output_device (drivers/alsa/audio_driver_alsa.cpp:97)
WARNING: All audio drivers failed, falling back to the dummy driver.
     at: initialize (servers/audio/audio_server.cpp:258)

CPD2007_HANDOFF_READY points=5
CARTOGRAPHIC_R11_R12_CORRIDOR_READY segments=8 distance=449.782 contract=ColisaoHandoffHubR12
REGION12_LIGHT_BUDGET kept=11 max=16 removed=25
[REGION12_CROWN_DEBUG] index=0 global=(160.864, 1.9404, 172.2656) scale=(2.55, 1.18, 1.62)
[REGION12_CROWN_DEBUG] index=1 global=(164.0, 2.6828, 172.2656) scale=(3.15, 1.48, 1.78)
[REGION12_CROWN_DEBUG] index=2 global=(167.136, 1.9404, 172.2656) scale=(2.55, 1.18, 1.62)
REGION12_HANDOFF_POSITION name=HandoffCubeR11 sequence=1 position=(164.0, 0.78, 171.12)
REGION12_HANDOFF_POSITION name=HandoffSoleiraR12 sequence=2 position=(164.0, 0.92, 170.38)
REGION12_HANDOFF_POSITION name=HandoffHubR12 sequence=3 position=(164.0, 1.08, 169.4)
REGION12_RENDER_INVENTORY meshes=114 omni_lights=11 static_bodies=22
REGION12_RENDER_GROUP name=CavernaDoOrion meshes=19 omni_lights=3
REGION12_RENDER_GROUP name=CamaraDoOrionCube meshes=15 omni_lights=1
REGION12_RENDER_GROUP name=HubTemporal meshes=18 omni_lights=0
REGION12_RENDER_GROUP name=CupulaFinal meshes=22 omni_lights=3
REGION12_HANDOFF_COLLIDER name=ColisaoHandoffCubeR11 present=true
REGION12_HANDOFF_COLLIDER name=ColisaoHandoffSoleiraR12 present=true
REGION12_HANDOFF_COLLIDER name=ColisaoHandoffHubR12 present=true
R12_PRODUCTION_DOME_CAPTURE ribs=3
R12_PRODUCTION_DOME_CAPTURE progress=0.00
[REGION12_PERF] fps=12.0 draw_calls=63.0 elapsed=5.0
R12_PRODUCTION_DOME_CAPTURE progress=0.10
[REGION12_PERF] fps=11.0 draw_calls=68.0 elapsed=10.1
R12_PRODUCTION_DOME_CAPTURE progress=0.19
[REGION12_PERF] fps=11.0 draw_calls=70.0 elapsed=15.1
R12_PRODUCTION_DOME_CAPTURE progress=0.29
[REGION12_PERF] fps=11.0 draw_calls=70.0 elapsed=20.1
R12_PRODUCTION_DOME_CAPTURE progress=0.39
[REGION12_PERF] fps=11.0 draw_calls=70.0 elapsed=25.2
[REGION12_PERF] fps=11.0 draw_calls=69.0 elapsed=30.2
R12_PRODUCTION_DOME_CAPTURE progress=0.49
[REGION12_PERF] fps=11.0 draw_calls=69.0 elapsed=35.3
R12_PRODUCTION_DOME_CAPTURE progress=0.58
[REGION12_PERF] fps=11.0 draw_calls=69.0 elapsed=40.3
R12_PRODUCTION_DOME_CAPTURE progress=0.68
[REGION12_PERF] fps=11.0 draw_calls=69.0 elapsed=45.4
R12_PRODUCTION_DOME_CAPTURE progress=0.78
[REGION12_PERF] fps=12.0 draw_calls=69.0 elapsed=50.5
R12_PRODUCTION_DOME_CAPTURE progress=0.87
[REGION12_PERF] fps=11.0 draw_calls=69.0 elapsed=55.5
R12_PRODUCTION_DOME_CAPTURE progress=0.97
R12_PRODUCTION_DOME_SCOPE_GUARD=PASS regions_7_12_only
R12_PRODUCTION_DOME_LIGHT_BUDGET=PASS max=16
CP-D2-R12-004_PRODUCTION_DOME_CAPTURE=PASS
