CHECKPOINT=CP-AAA-03
START_UTC=2026-08-21T07:59:12Z
HEAD=72142ea
REMOTE=72142ea
AHEAD_BEHIND=0	0
PRODUCTION_MODULES_CHANGED=false
PROMOTION_AUTOMATIC=false
PROJECT_RENDERER_CONFIG=
106:scaling_3d/mode=1
107:scaling_3d/scale=0.75
RUNTIME_36S=
Godot Engine v4.5.1.stable.official.f62fdbde1 - https://godotengine.org
WARNING: Started the engine as `root`/superuser. This is a security risk, and subsystems like audio may not work correctly.
Set the environment variable `GODOT_SILENCE_ROOT_WARNING` to 1 to silence this warning.
     at: setup2 (main/main.cpp:3421)

ERROR: FSR1 is only available when using the Forward+ renderer.
   at: viewport_set_scaling_3d_mode (servers/rendering/renderer_viewport.cpp:979)
QA_EXIT=124
QA_SESSION=36_SECONDS_COMPLETED_BY_TIMEOUT
FRAME_TIME_TELEMETRY=not_exposed_by_current_headless_command
DYNAMIC_LIGHT_TELEMETRY=not_exposed_by_current_headless_command
FSR_COMPATIBILITY_WARNINGS=
END_UTC=2026-08-21T07:59:48Z
FSR_WARNING_COUNT=1
PARSER_ERRORS=0
PROMOTION_BOUNDARY=preserved
OWNER_APPROVAL=required
