CHECKPOINT=CP-AAA-09
START_UTC=2026-08-21T08:09:54Z
HEAD=ce90099
REMOTE=ce90099
AHEAD_BEHIND=0	0
OWNER_APPROVAL=absent
CHANGE_REQUEST=absent
PRODUCTION_MODULES_CHANGED=false
PROMOTION_AUTOMATIC=false
PROJECT_RENDERER_CHANGED=false
RECOMMENDED_ISOLATED_PROFILE=forward_plus_vulkan
PRODUCTION_PROFILE=unchanged_compatibility_reference
FORWARD_PLUS_FSR_WARNING=0_isolated
COMPATIBILITY_FSR_WARNING=1
TELEMETRY_P05_FPS=144.00
TELEMETRY_P95_FRAME_TIME_MS=6.944
MAX_DYNAMIC_LIGHTS=1
PARSER_ERRORS=0
ROLLBACK=available_by_commit
DEV3_HANDOFF=ready
DEV4_HANDOFF=ready
DEV6_HANDOFF=ready
FINAL_STATUS=AAA_CONDITIONAL_OWNER_APPROVAL_REQUIRED
END_UTC=2026-08-21T08:09:54Z
