CHECKPOINT=CP-AAA-06
MODE=FORWARD_PLUS_COMPARISON
START_UTC=2026-08-21T08:05:16Z
HEAD=2e1955a
REMOTE=2e1955a
AHEAD_BEHIND=0	0
PRODUCTION_MODULES_CHANGED=false
PROMOTION_AUTOMATIC=false
Godot Engine v4.5.1.stable.official.f62fdbde1 - https://godotengine.org
WARNING: Started the engine as `root`/superuser. This is a security risk, and subsystems like audio may not work correctly.
Set the environment variable `GODOT_SILENCE_ROOT_WARNING` to 1 to silence this warning.
     at: setup2 (main/main.cpp:3421)

ERROR: FSR1 is only available when using the Forward+ renderer.
   at: viewport_set_scaling_3d_mode (servers/rendering/renderer_viewport.cpp:979)
[CP_AAA_04] mode=res://levels/dev5/R1LivingVossExteriorPreview.tscn
[CP_AAA_04] production_modules_changed=false
[CP_AAA_04] promotion_automatic=false
[CP_AAA_04_SAMPLE] t=0.08 fps=1.00 frame_time_ms=1000.000 lights=1
[DEV5_R1_LIVING] status=approved fauna=2 garden_elements=5 waystation=true grounded=8 house_production_touched=false door_touched=false production_modules_changed=false
[CP_AAA_04_SAMPLE] t=1.00 fps=125.00 frame_time_ms=8.000 lights=1
[CP_AAA_04_SAMPLE] t=2.00 fps=145.00 frame_time_ms=6.897 lights=1
[CP_AAA_04_SAMPLE] t=3.00 fps=145.00 frame_time_ms=6.897 lights=1
[CP_AAA_04_SAMPLE] t=4.00 fps=145.00 frame_time_ms=6.897 lights=1
[CP_AAA_04_SAMPLE] t=5.00 fps=145.00 frame_time_ms=6.897 lights=1
[CP_AAA_04_SAMPLE] t=6.00 fps=144.00 frame_time_ms=6.944 lights=1
[CP_AAA_04_SAMPLE] t=7.00 fps=145.00 frame_time_ms=6.897 lights=1
[DEV5_R1_LIVING] route_cycle=1 clear=true fauna_distance=9.24 house_production_touched=false door_touched=false
[CP_AAA_04_SAMPLE] t=8.00 fps=145.00 frame_time_ms=6.897 lights=1
[CP_AAA_04_SAMPLE] t=9.00 fps=145.00 frame_time_ms=6.897 lights=1
[CP_AAA_04_SAMPLE] t=10.00 fps=145.00 frame_time_ms=6.897 lights=1
[CP_AAA_04_SAMPLE] t=11.00 fps=145.00 frame_time_ms=6.897 lights=1
[CP_AAA_04_SAMPLE] t=12.00 fps=145.00 frame_time_ms=6.897 lights=1
[CP_AAA_04_SAMPLE] t=13.00 fps=145.00 frame_time_ms=6.897 lights=1
[CP_AAA_04_SAMPLE] t=14.00 fps=145.00 frame_time_ms=6.897 lights=1
[DEV5_R1_LIVING] route_cycle=2 clear=true fauna_distance=9.07 house_production_touched=false door_touched=false
[CP_AAA_04_SAMPLE] t=15.00 fps=145.00 frame_time_ms=6.897 lights=1
[CP_AAA_04_SAMPLE] t=16.00 fps=145.00 frame_time_ms=6.897 lights=1
[CP_AAA_04_SAMPLE] t=17.00 fps=145.00 frame_time_ms=6.897 lights=1
[CP_AAA_04_SAMPLE] t=18.00 fps=145.00 frame_time_ms=6.897 lights=1
[CP_AAA_04_SAMPLE] t=19.01 fps=145.00 frame_time_ms=6.897 lights=1
[CP_AAA_04_SAMPLE] t=20.00 fps=144.00 frame_time_ms=6.944 lights=1
[CP_AAA_04_SAMPLE] t=21.00 fps=145.00 frame_time_ms=6.897 lights=1
[DEV5_R1_LIVING] route_cycle=3 clear=true fauna_distance=9.64 house_production_touched=false door_touched=false
[CP_AAA_04_SAMPLE] t=22.00 fps=145.00 frame_time_ms=6.897 lights=1
[CP_AAA_04_SAMPLE] t=23.00 fps=145.00 frame_time_ms=6.897 lights=1
[CP_AAA_04_SAMPLE] t=24.00 fps=145.00 frame_time_ms=6.897 lights=1
[CP_AAA_04_SAMPLE] t=25.00 fps=145.00 frame_time_ms=6.897 lights=1
[CP_AAA_04_SAMPLE] t=26.00 fps=145.00 frame_time_ms=6.897 lights=1
[CP_AAA_04_SAMPLE] t=27.00 fps=145.00 frame_time_ms=6.897 lights=1
[CP_AAA_04_SAMPLE] t=28.00 fps=145.00 frame_time_ms=6.897 lights=1
[DEV5_R1_LIVING] route_cycle=4 clear=true fauna_distance=9.87 house_production_touched=false door_touched=false
[CP_AAA_04_SAMPLE] t=29.00 fps=145.00 frame_time_ms=6.897 lights=1
[CP_AAA_04_SAMPLE] t=30.00 fps=145.00 frame_time_ms=6.897 lights=1
[CP_AAA_04_SAMPLE] t=31.00 fps=145.00 frame_time_ms=6.897 lights=1
[CP_AAA_04_SAMPLE] t=32.00 fps=145.00 frame_time_ms=6.897 lights=1
[CP_AAA_04_SAMPLE] t=33.00 fps=144.00 frame_time_ms=6.944 lights=1
[CP_AAA_04_SAMPLE] t=34.00 fps=145.00 frame_time_ms=6.897 lights=1
[CP_AAA_04_SAMPLE] t=35.00 fps=145.00 frame_time_ms=6.897 lights=1
[DEV5_R1_LIVING] route_cycle=5 clear=true fauna_distance=9.26 house_production_touched=false door_touched=false
[CP_AAA_04_SAMPLE] t=36.00 fps=145.00 frame_time_ms=6.897 lights=1
[CP_AAA_04_SUMMARY] samples=37 measured=36 p05_fps=144.00 p95_frame_time_ms=6.944 max_dynamic_lights=1 first_frame_excluded=true
COMPATIBILITY_REFERENCE_EXIT=0
FORWARD_PLUS_TEST=not_run_in_production_config
FSR_DECISION=compatibility_warning_preserved_without_config_change
PARSER_ERRORS=0
END_UTC=2026-08-21T08:05:53Z
