CHECKPOINT=CP-AAA-16
START_UTC=2026-08-21T16:56:07Z
HEAD=21767d8
REMOTE=21767d8
AHEAD_BEHIND=0	0
NEW_GUIDANCE=none_detected
OWNER_APPROVAL=absent
CHANGE_REQUEST=absent
PRODUCTION_MODULES_CHANGED=false
PROMOTION_AUTOMATIC=false
PROMOTION_ALLOWED=false
PROJECT_RENDERER_CHANGED=false
RECOMMENDED_ISOLATED_PROFILE=forward_plus_vulkan
TARGET_HARDWARE_VALIDATED=false
ROLLBACK=available_by_commit
DEV3_HANDOFF=ready
DEV4_HANDOFF=ready
DEV6_HANDOFF=ready
FINAL_STATUS=AAA_GATE_PENDING_CONTINUOUS
END_UTC=2026-08-21T16:56:07Z
