--- DEV5 REFERENCES TO PRODUCTION ---
levels/dev5/CartographicLandmarkObjects.gd:2:## Não é instanciada por TempleLevel até uma integração validada pelo proprietário R1–R6.
levels/dev5/CartographicLandmarkObjects.gd:197:	# Candidato QA isolado: não toca ForestLakeRegion.gd e deixa passagem central >= 2.4 m.
levels/dev5/DenseForestPortalPreview.gd:4:## CP-D5-011: cena QA autónoma do marco 4; não toca ForestLakeRegion.gd.
levels/dev5/SubmergedRuinsPierPreview.gd:4:## CP-D5-012: preview autónomo do marco 6; não toca TempleLevel.gd.
levels/dev5/VegetationDensityAuditPreview.gd:2:## Apenas QA; não carrega ForestLakeRegion.gd nem altera produção.
levels/dev5/CartographicHeightContracts.gd:32:		"terrain_owner": "ForestLakeRegion.gd",
levels/dev5/CartographicHeightContracts.gd:39:		"terrain_owner": "ForestLakeRegion.gd",
levels/dev5/CartographicHeightContracts.gd:46:		"terrain_owner": "ForestLakeRegion.gd",
entities/player/third_person/EliasThirdPersonPresentation.gd:2:## A referência de Elias define o vestuário e a silhueta; este módulo não substitui Player.gd no primeiro ciclo.
diretor_orientacoes/CICLO_DEV2_REGIAO7_DETALHADO.md:14:O Dev1 criou o ponto de entrada da Região 7 no `TempleLevel.gd`. O teu trabalho começa exactamente aqui:
diretor_orientacoes/CICLO_DEV2_REGIAO7_DETALHADO.md:18:Nó no TempleLevel.gd: SpawnRegiao7_Dev2_HandoffPoint
diretor_orientacoes/CICLO_DEV2_REGIAO7_DETALHADO.md:373:## CP-D2-005 — Integração no TempleLevel.gd
diretor_orientacoes/CICLO_DEV2_REGIAO7_DETALHADO.md:375:**Objectivo:** registar o `HighlandVillageRegion` como filho do `TempleLevel` para que a Região 7 carregue com o mundo.
diretor_orientacoes/CICLO_DEV2_REGIAO7_DETALHADO.md:377:**Código a adicionar no `TempleLevel.gd`:**
diretor_orientacoes/CICLO_DEV2_REGIAO7_DETALHADO.md:386:**Commit:** `feat(r7): CP-D2-005 - integrate HighlandVillageRegion into TempleLevel world`
diretor_orientacoes/CONTINUIDADE_DEV1.md:29:`ArvoreFocalMargem_02` foi deslocada de `(61, 290)` para a margem exterior `(8, 306)`. A conífera continua física e lateral, mas deixou de bloquear o eixo de chegada à Região 7. A captura de handoff CP 338 confirma estrada, terraços e Vila Elevada legíveis; a prova OpenGL de 30 segundos passou sem erro de script. Esta alteração restringe-se a `ForestLakeRegion.gd` (R6) e não toca `HighlandRegion.gd` nem qualquer módulo R7–R12.
diretor_orientacoes/CONTINUIDADE_DEV1.md:38:No passe mais recente, a cascata oriental `QuadMesh` foi substituída por cinco filetes tridimensionais apoiados no promontório, eliminando a leitura de outdoor azul detectada em gameplay. O parser Godot 4.7.1 e o gameplay autónomo de 30 segundos na chegada às Ruínas passaram sem erro; a captura 1600×900 confirma a remoção do painel. A alteração permaneceu exclusivamente em `ForestLakeRegion.gd`.
diretor_orientacoes/CONTINUIDADE_DEV1.md:134:A auditoria QA de nós próximos no spawn Floresta→Ruínas identificou os candidatos no corredor, incluindo `SilhuetasDeAproximacaoDaBacia`. Ao ocultar somente essa raiz em uma sessão válida de 36 segundos, o prop laranja/escuro de primeiro plano permaneceu. As silhuetas de aproximação ficam excluídas como causa, sem alteração de pilares ou bases. Todas as sondas e a auditoria foram removidas de `ForestLakeRegion.gd` e `TempleLevel.gd`; o checkout de produção voltou a limpo. A matriz actualizada está em `qa_evidence_voss_vista/CP_CARTO77_FOREST_TO_RUINS_CAUSALITY.md`.
diretor_orientacoes/CONTINUIDADE_DEV1.md:144:Foi integrada em `TempleLevel.gd` uma telemetria QA exclusiva que regista posição física, marco mais próximo, posição no mapa e destino seguinte para as rotas R1–R6. A primeira prova identificou uma falha real: o destino cartográfico dependia apenas de Z e ignorava o ramo ocidental Majestic. `CartographicAnchors.next_dev1_destination` e `CartographicMapUI.gd` passaram a receber `Vector2(X,Z)`. Na faixa do conector (`z=150–202`), a orientação aponta para o Majestic no lado leste e para as Ruínas após cruzar para oeste. Parser e sessões de 36 segundos passaram; a repetição Floresta→Majestic confirmou `RUMO AO MAJESTIC` sem erro.
diretor_orientacoes/CONTINUIDADE_DEV1.md:170:- **Cairn direccional:** `REJECTED_VISUAL`. A sessão `forest_to_majestic` de 36 s confirmou a direcção X/Z correcta (`próximo=5:RUMO AO MAJESTIC`), mas a pilha de rochas não adquiriu leitura focal no horizonte; a sonda foi integralmente removida de `ForestLakeRegion.gd`.
diretor_orientacoes/CONTINUIDADE_DEV5.md:33:A apresentação isolada de Elias recebeu melhorias de silhueta: colete aberto, cinto e fivela, cabelo assimétrico, bolsa lateral e espada com punho. O parser Godot 4.7.1 passou e a cena QA manteve 36 segundos com captura interna. É uma **proxy técnica**, não uma substituição de `Player.gd` nem o modelo artístico final; não toca primeira pessoa, porta E, salto, stamina ou Casa Voss.
diretor_orientacoes/CONTINUIDADE_DEV5.md:49:O pavilhão de Acampamento Majestic foi validado isoladamente em `MajesticPavilionPreview.tscn`: estrado, postes, cobertura inclinada, lona lateral, banco e colisores próprios. O parser passou e a cena manteve 36 segundos com captura interna. O objecto permanece fora de `ForestLakeRegion.gd`; ver `CP_D5_008_PAVILHAO_MAJESTIC_QA.md`.
diretor_orientacoes/CONTINUIDADE_DEV5.md:67:O colaborador remoto publicou `DenseForestPortalPreview.tscn`, com troncos, galhos, rochas e camada de solo no marco 4. O parser e a sessão headless de 36 segundos passaram, sem tocar `ForestLakeRegion.gd`; ver `CP_D5_011_FLORESTA_DENSA_QA.md`.
diretor_orientacoes/CONTINUIDADE_DEV5.md:75:Foi criado `SubmergedRuinsPierPreview.tscn` com cinco lajes quebradas, quatro colunas parciais laterais e água não emissiva. Os colisores foram limitados às lajes de travessia e às colunas laterais; o objecto não cria luzes dinâmicas nem toca `TempleLevel.gd` ou módulos regionais de produção.
diretor_orientacoes/CP_CARTO_28_RESTORE_VALIDATION_20260818.md:9:A reinicialização do sandbox tinha removido uma alteração local ainda não publicada. O ficheiro `levels/ForestLakeRegion.gd` voltou a separar fisicamente as duas fases da rota: o **Trilho da Floresta Densa** termina em `z = RUINAS_SUBMERSAS.y - 107.0`, com 12 lajes, e o **Trilho até à Margem do Lago** inicia-se nesse mesmo limiar. Cada uma das 30 lajes de margem recebe agora um `StaticBody3D` próprio com `BoxShape3D(1.72, 0.18, 3.05)`.
diretor_orientacoes/CP_CARTO_28_RESTORE_VALIDATION_20260818.md:19:| Fronteira regional R7–R12 | **Preservada** | apenas `ForestLakeRegion.gd` e documentação R6→R7 foram alterados |
diretor_orientacoes/CP_CARTO_32_ROAD_ARCH_HARNESS_VALIDATION_20260818.md:4:**Escopo:** infraestrutura de QA em `TempleLevel.gd`; evidência cartográfica das Regiões 1–3.  
diretor_orientacoes/CP_CARTO_35_FOREST_ASSET_PASS_VALIDATION_20260818.md:4:**Escopo:** Região 4 dentro de `ForestLakeRegion.gd`; sem módulos das Regiões 7–12.  
diretor_orientacoes/CP_CARTO_39_MAJESTIC_LANTERN_READ_VALIDATION_20260818.md:4:**Escopo:** `ForestLakeRegion.gd`, conector físico entre o Acampamento Majestic e a margem das Ruínas Submersas.  
diretor_orientacoes/CP_CARTO_40_SWORD_PBR_VALIDATION_20260818.md:4:**Escopo:** `entities/player/Player.gd`, apenas os materiais da lâmina, guarda e pomo da espada de quatro componentes.  
diretor_orientacoes/CP_CARTO_46_SWORD_SPECULAR_VALIDATION_20260818.md:4:**Escopo:** materiais PBR da lâmina, guarda e pomo em `entities/player/Player.gd`.  
diretor_orientacoes/CP_CARTO_47_SWORD_FRAMING_VALIDATION_20260818.md:4:**Escopo:** pivot visual da espada em `entities/player/Player.gd`.  
diretor_orientacoes/CP_CARTO_49_R6_MARGIN_ROCK_MATERIAL_VALIDATION_20260818.md:4:**Escopo:** rochas laterais da margem, acentos rochosos e afloramentos da chegada às Ruínas em `ForestLakeRegion.gd`.  
diretor_orientacoes/CP_CARTO_59_P0_CAUSAL_GUARD_20260818.md:5:A sessão `forest_to_majestic` completou 36 segundos sem erro de script e a captura `cp_carto59_forest_majestic_1600x900.png` voltou a mostrar pontos ciano ao longo do corredor. A inspecção de `ForestLakeRegion.gd` confirmou que os três objectos `SinalP0Florestal_00..02`, posicionados em z=142, z=158 e z=174, usam material emissivo azul e cada um possui uma luz `BrilhoP0Florestal`.
diretor_orientacoes/CP_CARTO_63_VOSS_ROAD_HARNESS_VALIDATION_20260818.md:5:A rota usada no CP-CARTO-62 (`voss_road`) não é reconhecida por `TempleLevel.gd`; por isso, a captura resultou numa posição geometricamente inválida e não podia ser usada para avaliar o cenário ou o sobreiro.
diretor_orientacoes/CP_CARTO_VOSS_ABERTURA_20260818.md:63:Foi criado o modo técnico `ORIGEM_QA_ROUTE=arch_to_forest` em `TempleLevel.gd`. O modo coloca Elias em `(-9, y, 107)`, virado para o marco cartográfico da **Floresta Densa** em `(-9, 116)`, e não altera o arranque nem o percurso normal. Quando esse modo é usado, o mundo de QA limita-se às Regiões 1–6; as Regiões 7–12 permanecem intactas e continuam a ser carregadas em qualquer sessão normal.
diretor_orientacoes/CP_CARTO_VOSS_ABERTURA_20260818.md:80:A estabilidade física foi reforçada em duas camadas: `Player.gd` limita passos físicos excepcionalmente grandes no renderizador de compatibilidade e `TerrainPatch.gd` mantém uma malha visual inalterada, uma malha de colisão dedicada e recuperação discreta apenas se a cápsula ficar abaixo do relevo analítico. A captura **`cp_carto04_arch_forest_immediate_walk30.png`** comprova Elias apoiado no terreno ao avançar pelo limiar Arco–Floresta; a stamina permanece cheia, sem erro de runtime. A captura normal **`cp_carto04_normal_after_physics30.png`** confirma que a Estrada do Rio, o Arco e a imagem aprovada da Casa Voss não sofreram regressão durante 30 segundos.
diretor_orientacoes/CP_CARTO_VOSS_ABERTURA_20260818.md:359:A prova de deslocação `cp_carto22_forest_majestic_walk30.png` demonstrou uma obstrução visual concreta no conector Floresta–Majestic: uma árvore da dispersão regional entrava na câmara junto às lajes, apesar de permanecer fora do colisor central. O primeiro ajuste de árvores específicas do conector não gerou ganho e foi absorvido pela clareira estrutural correcta: `ForestLakeRegion.gd` passa a excluir da dispersão densa apenas árvores entre `z=173–183` e `x=-82–1`, a faixa lateral da ligação horizontal Majestic.
diretor_orientacoes/CP_CINE_07_RECAPTURA_E_RETORNO_DEV1.md:7:> A evidência de handoff isolou a obstrução real: `ArvoreFocalMargem_02` de `ForestLakeRegion.gd`, coordenada base `(61, 290)`, atravessa o cone da aproximação a partir de `(30, 282)`. Quando ocultada apenas no harness, os terraços e a Vila Elevada permanecem legíveis. A árvore não pertence à cadeia Dev2 e será tratada no CP 338 por Dev1.
diretor_orientacoes/DEV2_CP_CINE_06_CADEIA_MARCOS_REMOTOS.md:21:Não alterar `VossHouse.gd`, `RiverRoadJourney.gd`, `ForestLakeRegion.gd`, `TerrainPatch.gd`, a câmara de prólogo, a ponte ou qualquer objecto das Regiões 1–6. Não criar luzes dinâmicas adicionais. Não modificar âncoras cartográficas.
diretor_orientacoes/DEV3_CP_CINE_05_ABERTURA_LIMPA.md:22:O Dev3 não altera `TerrainPatch.gd`, `RiverRoadJourney.gd`, `ForestLakeRegion.gd`, câmaras, colisores nem qualquer módulo das Regiões 1–12. Deve limitar-se a `RegionalCinematicDirector.gd`, evidências e relatórios da frente cinematográfica. Quando houver lacuna espacial, enviar uma ordem precisa ao Dev1, com marco, profundidade, posição no quadro e critério de retorno.
diretor_orientacoes/ENTREGA_CORRECAO_TRAIL_MAT_CP215.md:4:**Módulo corrigido:** `levels/TempleLevel.gd`  
diretor_orientacoes/ENTREGA_CORRECAO_TRAIL_MAT_CP215.md:10:Ao iniciar um novo jogo, o Godot reportava um erro de parser na linha 510 de `TempleLevel.gd`:
diretor_orientacoes/ENTREGA_CORRECAO_TRAIL_MAT_CP215.md:16:A função `_build_region7_transition()` declara o material local `stone_mat`, mas a laje do corredor tentava usar a variável inexistente `trail_mat`. O erro não era causado pelo Dev2: tratava-se de uma versão desactualizada de `TempleLevel.gd` que permaneceu dentro do pacote CP 210 depois de a correcção já ter sido integrada no repositório.
diretor_orientacoes/ENTREGA_NOVO_JOGO_CP216_VALIDADA.md:10:| `TempleLevel.gd` | Substituição de `trail_mat` inexistente por `stone_mat` e declaração explícita de `moss_mat` para as pedras de base do portão de transição. |
diretor_orientacoes/EQUIPA_FUNCOES_E_DELEGACAO.md:15:| **Dev1 (Desenvolvedor Principal)** | Arquitectura, motor de jogo, Regiões 1–6 | `feature/dev1-gameplay-core` | Regiões 1–6, Takes 1–11, módulos: VossHouse, RiverRoadJourney, ForestLakeRegion, DaylightValley, LevelEnvironment, TempleLevel, RegionalCinematicDirector |
diretor_orientacoes/EQUIPA_FUNCOES_E_DELEGACAO.md:55:O Dev2 é responsável pelas Regiões 7–12 — o interior da montanha, a caverna, a câmara do Cubo de Orion e o Hub Temporal. O seu trabalho começa exactamente no ponto de handoff definido pelo Dev1: `Vector3(140, y, 352)` (nó `SpawnRegiao7_Dev2_HandoffPoint` no `TempleLevel.gd`).
diretor_orientacoes/EQUIPA_FUNCOES_E_DELEGACAO.md:121:O Dev5 cria apenas novos ficheiros em `levels/dev5/`, `assets/models_dev5/`, `entities/player/third_person/`, `references/dev5/` e os seus marcadores em `diretor_orientacoes/`. Não edita `Player.gd`, `TempleLevel.gd`, `ForestLakeRegion.gd`, `RiverRoadJourney.gd`, `VossHouse.gd`, `CartographicAnchors.gd`, `ui/menus/` nem módulos R7–R12 na primeira fase. A integração é feita por pedido de pull ou cherry-pick para a branch cinematográfica depois de parser Godot, 30 segundos de gameplay/captura e avaliação visual.
diretor_orientacoes/ESTADO_SESSAO_CP190_PRE_COMPACTACAO.md:15:- `_build_take9_corridor_fill()` adicionada ao `ForestLakeRegion.gd` (luz de preenchimento em (-68, 8.5, 172), energia 0.85, alcance 52 m).
diretor_orientacoes/ESTADO_SESSAO_CP190_PRE_COMPACTACAO.md:24:- `ForestLakeRegion.gd`: `_build_take9_corridor_fill()` adicionada.
diretor_orientacoes/MANUAL_ALINHAMENTO_TODOS_DESENVOLVEDORES.md:132:| `feature/dev2-mountain-canyon` | Regiões 7–12, Takes 12–22 | `ForestLakeRegion.gd`, `RiverRoadJourney.gd`, `DaylightValley.gd`, Takes 1–11 |
diretor_orientacoes/MANUAL_ALINHAMENTO_TODOS_DESENVOLVEDORES.md:193:**Regra de não-interferência:** Nenhum desenvolvedor toca nos ficheiros do outro. Se for necessário partilhar um utilitário (ex: `LevelEnvironment.gd`, `TempleLevel.gd`), a alteração deve ser proposta ao Diretor que coordena a integração na branch `main`.
diretor_orientacoes/MANUAL_ALINHAMENTO_TODOS_DESENVOLVEDORES.md:208:3. Editar o ficheiro .gd relevante (ex: ForestLakeRegion.gd)
diretor_orientacoes/ONBOARDING_DEV5_MUNDO_CARTESIANO.md:18:| Apresentação de Elias | `entities/player/third_person/` | Sim | Implementação isolada, sem substituir `Player.gd` no primeiro ciclo. |
diretor_orientacoes/ONBOARDING_DEV5_MUNDO_CARTESIANO.md:19:| Ligação opcional de QA | `levels/Dev5CartographicObjects.gd` | Sim | Só pode ser chamada por `TempleLevel` após prova validada. |
diretor_orientacoes/ONBOARDING_DEV5_MUNDO_CARTESIANO.md:24:O Dev5 não deve modificar `levels/VossHouse.gd`, `levels/RiverRoadJourney.gd`, `levels/ForestLakeRegion.gd`, `levels/TempleLevel.gd`, `levels/CartographicAnchors.gd`, `entities/player/Player.gd`, `ui/menus/` ou qualquer módulo das Regiões 7–12 na primeira entrega. Alterações em módulos centrais só podem ser propostas por um documento de integração e aceites depois de uma comparação visual e física.
diretor_orientacoes/ONBOARDING_DEV5_MUNDO_CARTESIANO.md:49:| `CP-D5-003` | Criar `entities/player/third_person/EliasThirdPersonPresentation.gd` e uma cena de apresentação: root, pivot de câmara, corpo provisório e espada lateral. | Sem modificar `Player.gd`; referência de Elias reflectida por materiais e proporções; câmera a 3.6–4.2 m. | CP-D5-001. |
diretor_orientacoes/ORDEM_REVELACAO_CARTOGRAFICA_CP255.md:24:| **Dev1 — Principal** | CP 255: reposicionar e orientar a revelação da Casa Voss; criar miradouro físico de saída, corredor visual até ao Arco e marcos panorâmicos apenas das Regiões 1–6. | `VossHouse.gd`, `RiverRoadJourney.gd`, `ForestLakeRegion.gd`, `TempleLevel.gd`, ambiente e cartografia Dev1. | Captura de abertura, headless, Novo Jogo + 30 s. |
diretor_orientacoes/ORIENTACAO_DEV03_CINEMATOGRAFICO.md:19:| 4 — Floresta Densa | Coníferas com variação de altura, copas focais de folha larga, sub-bosque, luzes de preenchimento frias | `ForestLakeRegion.gd` |
diretor_orientacoes/ORIENTACAO_DEV03_CINEMATOGRAFICO.md:20:| 5 — Acampamento Majestic | Tendas, fogueira animada com luz pulsante, mesa de cartografia, estela interativa, trilho com meandra | `ForestLakeRegion.gd` |
diretor_orientacoes/ORIENTACAO_DEV03_CINEMATOGRAFICO.md:21:| 6 — Ruínas Submersas | Lago com pilares irregulares, iluminação subaquática fria, lajes de pedra molhada, marcos emergentes | `ForestLakeRegion.gd` |
diretor_orientacoes/PLANO_INTEGRACAO_DEV2_REGIAO7.md:13:| Nó no TempleLevel.gd | Posição | Função |
diretor_orientacoes/PLANO_INTEGRACAO_DEV2_REGIAO7.md:103:3. O nó `Region7TransitionGate` é visível no editor (vem da branch dev1 via `TempleLevel.gd`).
diretor_orientacoes/STATUS_CHECKPOINT_113.md:51:| `levels/ForestLakeRegion.gd` | Lago, ruínas, rochas e vegetação ribeirinha. |
diretor_orientacoes/STATUS_CHECKPOINT_145.md:19:| Fronteira operacional | Alterações em `ForestLakeRegion.gd` e Take 11 | Mantida: nenhuma alteração em Regiões 7–12. |
diretor_orientacoes/STATUS_CHECKPOINT_147.md:20:| Fronteira operacional | Ficheiro alterado: `ForestLakeRegion.gd` | Mantida: nenhuma alteração em Regiões 7–12. |
diretor_orientacoes/STATUS_CHECKPOINT_150.md:19:| Fronteira operacional | Ficheiro alterado: `ForestLakeRegion.gd` | Mantida: nenhuma alteração em Regiões 7–12. |
diretor_orientacoes/STATUS_CHECKPOINT_151.md:19:| Fronteira operacional | Ficheiros alterados: `ForestLakeRegion.gd`, `RegionalCinematicDirector.gd` | Mantida: nenhuma alteração em Regiões 7–12. |
diretor_orientacoes/STATUS_CHECKPOINT_152.md:19:| Fronteira operacional | Ficheiro alterado: `ForestLakeRegion.gd` | Mantida: nenhuma alteração em Regiões 7–12. |
diretor_orientacoes/STATUS_CHECKPOINT_154.md:20:| Fronteira operacional | Ficheiros alterados: `TempleLevel.gd`, QA local | Mantida: nenhuma alteração em Regiões 7–12. |
diretor_orientacoes/STATUS_CHECKPOINT_157.md:19:| Fronteira operacional | Ficheiro alterado: `ForestLakeRegion.gd` | Mantida: nenhuma alteração em Regiões 7–12. |
diretor_orientacoes/STATUS_CHECKPOINT_158.md:19:| Fronteira operacional | Ficheiro alterado: `ForestLakeRegion.gd` | Mantida: nenhuma alteração em Regiões 7–12. |
diretor_orientacoes/STATUS_CHECKPOINT_159.md:19:| Fronteira operacional | Ficheiro alterado: `ForestLakeRegion.gd` | Mantida: nenhuma alteração em Regiões 7–12. |
diretor_orientacoes/STATUS_CHECKPOINT_162.md:19:| Fronteira operacional | Ficheiros alterados: `ForestLakeRegion.gd`, `RegionalCinematicDirector.gd` | Mantida: nenhuma alteração em Regiões 7–12. |
diretor_orientacoes/STATUS_CHECKPOINT_163.md:19:| Fronteira operacional | Ficheiro alterado: `ForestLakeRegion.gd` | Mantida: nenhuma alteração em Regiões 7–12. |
diretor_orientacoes/STATUS_CHECKPOINT_167.md:19:| Fronteira operacional | Ficheiro alterado: `ForestLakeRegion.gd` | Mantida: nenhuma alteração em Regiões 7–12. |
diretor_orientacoes/STATUS_CHECKPOINT_169.md:19:| Fronteira operacional | Ficheiro alterado: `ForestLakeRegion.gd` | Mantida: nenhuma alteração em Regiões 7–12. |
diretor_orientacoes/STATUS_CHECKPOINT_170.md:19:| Fronteira operacional | Ficheiro alterado: `ForestLakeRegion.gd` | Mantida: nenhuma alteração em Regiões 7–12. |
diretor_orientacoes/STATUS_CHECKPOINT_171.md:19:| Fronteira operacional | Ficheiro alterado: `ForestLakeRegion.gd` | Mantida: nenhuma alteração em Regiões 7–12. |
diretor_orientacoes/STATUS_CHECKPOINT_172.md:19:| Fronteira operacional | Ficheiro alterado: `ForestLakeRegion.gd` | Mantida: nenhuma alteração em Regiões 7–12. |
diretor_orientacoes/STATUS_CHECKPOINT_173.md:19:| Fronteira operacional | Ficheiro alterado: `ForestLakeRegion.gd` | Mantida: nenhuma alteração em Regiões 7–12. |
diretor_orientacoes/STATUS_CHECKPOINT_178.md:19:| Fronteira operacional | Ficheiro alterado: `TempleLevel.gd` | Mantida: nenhuma alteração em Regiões 7–12. |
diretor_orientacoes/STATUS_CHECKPOINT_179.md:19:| Fronteira operacional | Ficheiro alterado: `ForestLakeRegion.gd` | Mantida: nenhuma alteração nas Regiões 7–12. |
diretor_orientacoes/STATUS_CHECKPOINT_180.md:19:| Fronteira operacional | Ficheiro alterado: `ForestLakeRegion.gd` | Mantida: nenhuma alteração nas Regiões 7–12. |
diretor_orientacoes/STATUS_CHECKPOINT_181.md:19:| Fronteira operacional | Ficheiro alterado: `ForestLakeRegion.gd` | Mantida: nenhuma alteração nas Regiões 7–12. |
diretor_orientacoes/STATUS_CHECKPOINT_182.md:31:| Fronteira operacional | Ficheiro alterado: `ForestLakeRegion.gd` | Mantida: nenhuma alteração nas Regiões 7–12. |
diretor_orientacoes/STATUS_CHECKPOINT_183.md:41:| Fronteira operacional | Ficheiro alterado: `ForestLakeRegion.gd` | Mantida: nenhuma alteração nas Regiões 7–12. |
diretor_orientacoes/STATUS_CHECKPOINT_184.md:33:| Fronteira operacional | Ficheiro alterado: `ForestLakeRegion.gd` | Mantida: nenhuma alteração nas Regiões 7–12. |
diretor_orientacoes/STATUS_CHECKPOINT_185.md:29:| Fronteira operacional | Ficheiro alterado: `ForestLakeRegion.gd` | Mantida: nenhuma alteração nas Regiões 7–12. |
diretor_orientacoes/STATUS_CHECKPOINT_188.md:26:| Fronteira operacional | Ficheiro alterado: `ForestLakeRegion.gd` | Mantida: nenhuma alteração nas Regiões 7–12. |
diretor_orientacoes/STATUS_CHECKPOINT_189.md:27:| Fronteira operacional | Ficheiro alterado: `ForestLakeRegion.gd` | Mantida: nenhuma alteração nas Regiões 7–12. |
diretor_orientacoes/STATUS_CHECKPOINT_190.md:29:| Fronteira operacional | Ficheiro alterado: `ForestLakeRegion.gd` | Mantida: nenhuma alteração nas Regiões 7–12. |
diretor_orientacoes/STATUS_CHECKPOINT_191.md:29:| Fronteira operacional | Ficheiro alterado: `ForestLakeRegion.gd` | Mantida: nenhuma alteração nas Regiões 7–12. |
diretor_orientacoes/STATUS_CHECKPOINT_193.md:40:| 182 | ForestLakeRegion | Copas focais de folha larga ampliadas |
diretor_orientacoes/STATUS_CHECKPOINT_193.md:41:| 183 | ForestLakeRegion | Fogueira do Acampamento Majestic reforçada |
diretor_orientacoes/STATUS_CHECKPOINT_193.md:42:| 184 | ForestLakeRegion | Iluminação subaquática das Ruínas Submersas |
diretor_orientacoes/STATUS_CHECKPOINT_193.md:43:| 185 | ForestLakeRegion | Variação de altura das coníferas |
diretor_orientacoes/STATUS_CHECKPOINT_193.md:46:| 188 | ForestLakeRegion | Acentos visuais no corredor Take 6 |
diretor_orientacoes/STATUS_CHECKPOINT_193.md:47:| 189 | ForestLakeRegion | Variação de rotação das lajes de percurso |
diretor_orientacoes/STATUS_CHECKPOINT_193.md:48:| 190 | ForestLakeRegion | Luz de preenchimento do Take 9 |
diretor_orientacoes/STATUS_CHECKPOINT_193.md:49:| 191 | ForestLakeRegion | Material de pedra molhada nas lajes de margem |
diretor_orientacoes/STATUS_CHECKPOINT_197.md:11:Foi adicionada a função `_build_forest_corridor_fill()` ao `ForestLakeRegion.gd`, que posiciona 3 `OmniLight3D` de preenchimento frio ao longo do eixo central da Floresta Densa (z=100, 148, 196), a 4.5 m de altura, simulando luz de lua filtrada pelas copas. As luzes têm sombras desactivadas para não saturar o orçamento de GL Compatibility.
diretor_orientacoes/STATUS_CHECKPOINT_197.md:26:| Fronteira operacional | Ficheiro alterado: `ForestLakeRegion.gd` | Mantida. |
diretor_orientacoes/STATUS_CHECKPOINT_199.md:11:Foi adicionada a função `_build_south_shore_fill()` ao `ForestLakeRegion.gd`, que reforça a margem inferior sul das Ruínas Submersas com os seguintes elementos:
diretor_orientacoes/STATUS_CHECKPOINT_199.md:26:| Fronteira operacional | Ficheiro alterado: `ForestLakeRegion.gd` | Mantida. |
diretor_orientacoes/STATUS_CHECKPOINT_200.md:12:| ForestLakeRegion | 22 | 0 | 22 | ⚠️ Alto — salvaguardas aplicadas |
diretor_orientacoes/STATUS_CHECKPOINT_200.md:16:| TempleLevel | 2 | 0 | 2 | ✅ OK |
diretor_orientacoes/STATUS_CHECKPOINT_200.md:25:| ForestLakeRegion | 14 | 14 | 28 | ⚠️ Alto — mas distribuídos por 3 zonas |
diretor_orientacoes/STATUS_CHECKPOINT_200.md:37:| ForestLakeRegion | 2 | ✅ OK |
diretor_orientacoes/STATUS_CHECKPOINT_200.md:42:As seguintes alterações foram feitas no `ForestLakeRegion.gd` para reduzir o impacto efectivo das luzes na GTX 1050 Ti:
diretor_orientacoes/STATUS_CHECKPOINT_200.md:62:CP 201 — Ponte de integração física para a Região 7 (Vila Elevada): criar o nó `Region7TransitionGate` no `TempleLevel.gd` com a posição de spawn esperada pela branch dev2.
diretor_orientacoes/STATUS_CHECKPOINT_201.md:8:Foi adicionada a função `_build_region7_transition()` ao `TempleLevel.gd`, que cria o nó `Region7TransitionGate` como ponte física entre as Ruínas Submersas (Região 6, z≈282) e a Vila Elevada (Região 7, z≈352).
diretor_orientacoes/STATUS_CHECKPOINT_201.md:34:| Fronteira operacional | ✅ Mantida — TempleLevel.gd é módulo partilhado |
diretor_orientacoes/STATUS_CHECKPOINT_202.md:4:**Módulo:** `TempleLevel.gd` — função `_build_region7_corridor_ecology()`
diretor_orientacoes/STATUS_CHECKPOINT_203.md:4:**Módulo:** `TempleLevel.gd` — função `_build_region7_transition()`
diretor_orientacoes/STATUS_CHECKPOINT_204.md:12:| ForestLakeRegion.gd (Regiões 4–6) | 28 pares | 46 | z=100–290 | ✅ |
diretor_orientacoes/STATUS_CHECKPOINT_204.md:13:| TempleLevel.gd (Ponte R7) | 6 pares | 6 | z=280–360 | ✅ |
diretor_orientacoes/STATUS_CHECKPOINT_210.md:10:| 203 | Material de pedra com 3 variantes + pedras de base nos pilares | TempleLevel.gd | ✅ |
diretor_orientacoes/STATUS_CHECKPOINT_212.md:4:**Módulo:** `levels/ForestLakeRegion.gd`  
diretor_orientacoes/STATUS_CHECKPOINT_213.md:4:**Módulo:** `levels/ForestLakeRegion.gd`  
diretor_orientacoes/STATUS_CHECKPOINT_215.md:16:| `ForestLakeRegion.gd` | 14 | Lajes, troncos e acampamento distribuídos fora do eixo de passagem |
diretor_orientacoes/STATUS_CHECKPOINT_215.md:17:| `TempleLevel.gd` | 2 | Integração do mundo e transição preservadas |
diretor_orientacoes/STATUS_CHECKPOINT_219.md:9:Foi criado o nó `LimiarCartograficoDaFloresta` no `ForestLakeRegion.gd`. Quatro árvores focais, cinco rochas pequenas e cinco fetos constituem uma transição visual entre o Arco das Ruínas e a massa central da Floresta Densa. A distribuição deixa uma abertura central completa, não cria colisores e não acrescenta luzes dinâmicas.
diretor_orientacoes/STATUS_CHECKPOINT_220.md:9:Foi acrescentado o nó `MiradourosCartograficosDoLago` no `ForestLakeRegion.gd`. Três vestígios de observação com pilares quebrados, rochas e fetos acompanham a aproximação entre o flanco Majestic e a margem ocidental das Ruínas Submersas. Os elementos ficam fora do caminho e não têm colisores ou luzes dinâmicas.
diretor_orientacoes/STATUS_CHECKPOINT_221.md:9:Foi criado o nó `VistaCartograficaLagoParaVila` em `TempleLevel.gd`, antes do handoff técnico de `z=285`. Duas estelas de pedra e respectivas bases musgosas fazem a subida além do lago tornar-se uma direcção visual clara, preservando o portão de entrada da Região 7 em `Vector3(140, y, 352)`.
diretor_orientacoes/STATUS_CHECKPOINT_258.md:5:Foi criada a `BifurcacaoFisicaParaMajestic` em `levels/ForestLakeRegion.gd`. A nova estela baixa de direcção, acompanhada por três pedras aterradas e um feto, marca o desvio oeste que liga o Trilho da Floresta Densa às lajes físicas do Acampamento Majestic. O marcador está fora do eixo central, não recebe colisor próprio e não acrescenta luzes ao orçamento de GTX 1050 Ti.
diretor_orientacoes/STATUS_CHECKPOINT_284.md:11:| Escopo | Apenas `ForestLakeRegion.gd`, pertencente às Regiões 4–6 do Dev1 |
diretor_orientacoes/STATUS_CHECKPOINT_285.md:11:| Escopo | Apenas `ForestLakeRegion.gd`, Regiões 4–6 do Dev1 |
diretor_orientacoes/STATUS_CHECKPOINT_338.md:8:`ForestLakeRegion.gd` reposicionou `ArvoreFocalMargem_02`, uma conífera da margem que ocupava o cone do handoff a partir de `(30, 282)`. A árvore passou de `(61, 290)` para `(8, 306)`: continua como massa vegetal real na margem exterior, mas deixa livre a leitura da estrada, dos terraços R7 e da Vila Elevada.
diretor_orientacoes/STATUS_CHECKPOINT_338.md:17:| Fronteira Dev1 | Preservada: apenas `ForestLakeRegion.gd` foi modificado |
diretor_orientacoes/STATUS_CHECKPOINT_DEV2_CINE06.md:21:A árvore `ArvoreFocalMargem_02`, criada em `ForestLakeRegion.gd` (R6) na posição `(61, 290)`, ocupa o primeiro plano da câmara de handoff `(30, 282)` e impede a leitura da Vila. O harness de QA ocultou-a apenas temporariamente; isso confirmou a causa sem alterar runtime. Dev1 deve deslocá-la para fora do eixo da rota R6→R7 ou reduzi-la, preservando uma floresta lateral real e evitando uma parede vegetal. Esta correcção pertence exclusivamente a Dev1/R6.
diretor_orientacoes/STATUS_CORRECAO_TRAIL_MAT_CP211.md:1:# Correcção de compilação — `trail_mat` em `TempleLevel.gd`
diretor_orientacoes/STATUS_CORRECAO_TRAIL_MAT_CP211.md:24:| Ficheiro alterado | `levels/TempleLevel.gd` |
diretor_orientacoes/STATUS_MANUAL_GLOBAL_APLICADO.md:23:| 4 — Floresta Densa | `ForestLakeRegion.gd` | Trilho, fetos, coníferas e balizas de leitura. |
diretor_orientacoes/STATUS_MANUAL_GLOBAL_APLICADO.md:24:| 5 — Acampamento Majestic | `ForestLakeRegion.gd` | Marco investigativo integrado na progressão do vale. |
diretor_orientacoes/STATUS_MANUAL_GLOBAL_APLICADO.md:25:| 6 — Ruínas Submersas | `ForestLakeRegion.gd` | Lago, pilares e indícios temporais iniciais. |
diretor_orientacoes/CP_D5_006_CASA_VOSS_ANEXO_QA.md:31:A apresentação QA de Elias recebeu melhorias de silhueta: colete aberto, cinto e fivela, cabelo assimétrico, bolsa lateral e espada com punho. Continua a ser uma **proxy técnica**, sem substituição de `Player.gd` e sem ser apresentada como o modelo artístico final. A integração de um humano rigado continua dependente de um ficheiro GLTF/GLB recuperável e da respectiva licença/atribuição.
diretor_orientacoes/CP_D5_007_FICHAS_INTEGRACAO_R1_R6.md:48:A aprovação desta proposta **não é autorização para merger automático**. Dev5 não altera `VossHouse.gd`, `RiverRoadJourney.gd`, `TempleLevel.gd`, `Player.gd` ou qualquer módulo R7–R12. Qualquer integração exige uma review com uma única alteração causal, parser Godot 4.7.1, gameplay real mínimo de 30 segundos, captura e push próprio do proprietário R1–R6.
diretor_orientacoes/CP_D5_008_PAVILHAO_MAJESTIC_QA.md:5:**Estado:** **aprovado como candidato QA**; integração em `ForestLakeRegion.gd` bloqueada.
diretor_orientacoes/CP_D5_009_MATRIZ_REVISAO_DEV1.md:12:| 3 | Pavilhão Majestic | 5 — Acampamento Majestic | `ForestLakeRegion.gd` | Reforçar a leitura de acampamento ocidental na bifurcação R4→R5→R6 | Poluir o conector físico recém-validado R5→R6 | **Revisar por último** |
diretor_orientacoes/CP_D5_011_FLORESTA_DENSA_QA.md:5:**Concluído em QA local; aguarda captura visual 1600×900 no ambiente oficial.** O candidato foi criado exclusivamente em `levels/dev5/` para o marco 4 do mapa, com a âncora explícita `FLORESTA_DENSA=(-9; 116)`. Nenhum módulo de produção, incluindo `ForestLakeRegion.gd`, foi alterado.
diretor_orientacoes/CP_D5_012_RUINAS_SUBMERSAS_QA.md:5:**Concluído em QA local; aguarda captura visual 1600×900 no ambiente oficial.** O candidato foi criado em `levels/dev5/` para o marco 6, sem tocar `TempleLevel.gd` ou qualquer módulo regional de produção.
diretor_orientacoes/CP_D5_013_CATALOGO_INSERCAO_R1_R6.md:14:| 2 | 6 — Ruínas Submersas | `(60; 252)` | Cais de lajes quebradas e colunas parciais | `(-6; +2)` | `stone_largeA/B.glb`, `stone_tallC.glb` + `SubmergedRuinsPierPreview` | Colisão apenas nas lajes transitáveis; água não emissiva; 0 luzes | Dev1 — `ForestLakeRegion.gd` | Candidato técnico; aguarda captura visual própria |
diretor_orientacoes/CP_D5_013_CATALOGO_INSERCAO_R1_R6.md:16:| 4 | 5 — Acampamento Majestic | `(-88; 178)` | Pavilhão de lona e madeira do acampamento | `(+5; -4)` | `MajesticPavilionPreview` | Colisão de postes e estrado; sem lanternas novas; 0 luzes | Dev1 — `ForestLakeRegion.gd` | Candidato QA aprovado |
diretor_orientacoes/CP_D5_013_CATALOGO_INSERCAO_R1_R6.md:17:| 5 | 4 — Floresta Densa | `(-9; 116)` | Portal/clareira de entrada com vegetação lateral | `(+2; +5)` | `ez_pine_tall_pbr.glb`, `ez_pine_medium_pbr.glb`, `fern_02_1k.gltf` | Medir malhas antes da integração; colisores só laterais; corredor livre ≥2,4 m | Dev1 — `ForestLakeRegion.gd` | Candidato técnico remoto; captura visual pendente |
diretor_orientacoes/CP_D5_016_PORTAL_FLORESTA_REJEITADO.md:5:**Escopo:** `levels/dev5/DenseForestPortalPreview.tscn`; nenhuma alteração em `ForestLakeRegion.gd`.
diretor_orientacoes/PROTOCOLO_CONTINUIDADE_ACTIVA_DEV5.md:18:| 6 | Criação QA bloqueada por activo externo | Melhorar a fundação QA de Elias, LOD, colisores, capturas internas ou documentação de integração | Não tocar `Player.gd` de produção |
diretor_orientacoes/RELATORIO_CONHECIMENTO_PARTILHADO_ORIGEM.md:55:O projecto usa **Godot 4.7.1** com renderizador OpenGL Compatibility no ambiente de validação. O modo Forward+ é instável em llvmpipe; não usar um resultado exclusivo de Forward+ como prova de que uma alteração funciona no pacote base. O jogador actual é `entities/player/Player.gd`; o nome correcto e único do protagonista é **Elias**. A apresentação de Elias em terceira pessoa na Dev5 é, por enquanto, uma fundação QA isolada e não substitui o jogador principal nem autoriza alterações em `Player.gd` sem revisão. [2]
diretor_orientacoes/RELATORIO_CONHECIMENTO_PARTILHADO_ORIGEM.md:60:| `levels/TempleLevel.gd` | orquestração do mundo e harnesses QA | não deixar sondas QA permanentes sem documentar |
diretor_orientacoes/RELATORIO_CONHECIMENTO_PARTILHADO_ORIGEM.md:63:| `levels/ForestLakeRegion.gd` | Floresta, Majestic e Ruínas | proprietário R4–R6; não tocar R7+ |
diretor_orientacoes/RELATORIO_CONHECIMENTO_PARTILHADO_ORIGEM.md:153:A frente Dev5 criou `EliasThirdPersonPresentation` e `EliasThirdPersonPreview` como fundação isolada: corpo 3D provisório, câmara QA externa, parser e sessão de 36 segundos. Esta base não é o modelo final nem deve ser ligada directamente a `Player.gd`. A integração real requer um GLB/FBX humano **rigado**, licenciado, com animações e orçamento confirmado. O download externo deve ser considerado bloqueado até existir ficheiro recuperável; esse bloqueio não interrompe as tarefas de mundo, QA, colisão ou cartografia.
diretor_orientacoes/CP_D5_019_VEGETACAO_MEDIA_QA.md:5:Foi criada a cena QA `MediumVegetationCompositionPreview.tscn`, usando obrigatoriamente `CartographicPlacementSystem.gd` para os marcos 4 e 5. Cada composição declara o marco, a posição canónica no mapa e `local_offset=(0,0)`. O candidato permanece isolado e não toca `ForestLakeRegion.gd`.
diretor_orientacoes/CP_D5_023_CATALOGO_ALTURAS_ATERRAMENTO.md:12:| R4 | Floresta Densa `(-9, 116)` | `ForestLakeRegion.gd` | `TerrainPatch` sob o corredor | `TerrainPatch`; excluir `ColisorLajeFloresta_*` da faixa jogável | Vegetação média R4 | Raycast fora de lajes, rota e troncos com colisão |
diretor_orientacoes/CP_D5_023_CATALOGO_ALTURAS_ATERRAMENTO.md:13:| R5 | Acampamento Majestic `(-88, 178)` | `ForestLakeRegion.gd` | `TerrainPatch` e patamar de acampamento | `TerrainPatch`; excluir `ColisorTendaMajestic_*` e ligação Majestic | Pavilhão Majestic | Raycast lateral; preservar o anel e a ligação física |
diretor_orientacoes/CP_D5_023_CATALOGO_ALTURAS_ATERRAMENTO.md:14:| R6 | Ruínas Submersas `(60, 252)` | `ForestLakeRegion.gd` | `TerrainPatch` da margem | `TerrainPatch`; excluir lajes de chegada e pilares submersos | Nenhum | Não repetir o cais de lajes rejeitado no CP-D5-017 |
diretor_orientacoes/CP_D5_026_PRONTIDAO_CAPTURA_GRAFICA.md:16:A ficha confirma que os previews só vivem em `levels/dev5/`, não integram `ForestLakeRegion.gd` nem `TempleLevel.gd`, não alteram `Player.gd` e não adicionam candidatos rejeitados. Os candidatos permanecem QA e não podem ser promovidos sem captura e avaliação visual comparável.
--- QA PREVIEWS ---
levels/dev5/DenseForestPortalPreview.gd:1:class_name DenseForestPortalPreview
levels/dev5/DenseForestPortalPreview.gd:9:	name = "DenseForestPortalPreview"
levels/dev5/DenseForestPortalPreview.gd:32:	sun.name = "LuzQAForesta"
levels/dev5/SubmergedRuinsPierPreview.gd:1:class_name SubmergedRuinsPierPreview
levels/dev5/SubmergedRuinsPierPreview.gd:8:	name = "SubmergedRuinsPierPreview"
levels/dev5/SubmergedRuinsPierPreview.gd:14:	print("[DEV5_RUINS_QA] landmark=6 submerged=true emissive=false dynamic_lights=0 production_script=false")
levels/dev5/SubmergedRuinsPierPreview.gd:29:	sun.name = "LuzQARuinas"
levels/dev5/CartographicLandmarkObjects.gd:236:	var body := StaticBody3D.new()
levels/dev5/CartographicLandmarkObjects.gd:241:	var collision := CollisionShape3D.new()
levels/dev5/CartographicLandmarkObjects.gd:271:	var body := StaticBody3D.new()
levels/dev5/CartographicLandmarkObjects.gd:275:	var collision := CollisionShape3D.new()
--- SCOPE FILES ---
## [32mfeature/dev5-cartographic-world-third-person[m...[31morigin/feature/dev5-cartographic-world-third-person[m
[31m??[m diretor_orientacoes/CP-D5-027_AUDITORIA_ESCoPO.log
