Godot Engine v4.5.1.stable.official.f62fdbde1 - https://godotengine.org
WARNING: Started the engine as `root`/superuser. This is a security risk, and subsystems like audio may not work correctly.
Set the environment variable `GODOT_SILENCE_ROOT_WARNING` to 1 to silence this warning.
     at: setup2 (main/main.cpp:3421)

ERROR: FSR1 is only available when using the Forward+ renderer.
   at: viewport_set_scaling_3d_mode (servers/rendering/renderer_viewport.cpp:979)
[DEV5_FOREST_QA] anchor=(-9.0, 116.0) passage_width=2.4 isolated=true region_script=false
ERROR: Parameter "t" is null.
   at: texture_2d_get (servers/rendering/dummy/storage/texture_storage.h:106)
   GDScript backtrace (most recent call first):
       [0] _save_snapshot_qa (res://levels/dev5/DenseForestPortalPreview.gd:53)
[DEV5_FOREST_QA] snapshot_unavailable=headless_image path=/home/ubuntu/ORIGEM/diretor_orientacoes/capturas_cp025/floresta_marco4.png
Godot Engine v4.5.1.stable.official.f62fdbde1 - https://godotengine.org
WARNING: Started the engine as `root`/superuser. This is a security risk, and subsystems like audio may not work correctly.
Set the environment variable `GODOT_SILENCE_ROOT_WARNING` to 1 to silence this warning.
     at: setup2 (main/main.cpp:3421)

ERROR: FSR1 is only available when using the Forward+ renderer.
   at: viewport_set_scaling_3d_mode (servers/rendering/renderer_viewport.cpp:979)
[DEV5_RUINS_QA] landmark=6 submerged=true emissive=false dynamic_lights=0 production_script=false
ERROR: Parameter "t" is null.
   at: texture_2d_get (servers/rendering/dummy/storage/texture_storage.h:106)
   GDScript backtrace (most recent call first):
       [0] _save_snapshot_qa (res://levels/dev5/SubmergedRuinsPierPreview.gd:49)
[DEV5_RUINS_QA] snapshot_unavailable=headless_image path=/home/ubuntu/ORIGEM/diretor_orientacoes/capturas_cp025/ruinas_marco6.png
