CONTRACT=levels/dev5/GammaR4R5R6MirrorContract.json
MAP_AUTHORITY=cartographic_map
VISUAL_AUTHORITY=dev3_storyboard_and_3d_direction
PREVIEW_R4_R5_R6=levels/dev5/GammaR4R5R6MirrorPreview.tscn
PREVIEW_R5_PROPS=levels/dev5/GammaR5PropGroundingPreview.tscn
PREVIEW_R5_R6=levels/dev5/GammaR5R6TransitionPreview.tscn
REPORT_GAMMA=dirigir_orientacoes/GAMMA_ESPELHO_01_RELATORIO.md
REPORT_APOIO_01=diretor_orientacoes/APOIO_GAMMA_01_RELATORIO.md
REPORT_APOIO_02=diretor_orientacoes/APOIO_GAMMA_02_RELATORIO.md
REPORT_HANDOFF=diretor_orientacoes/CP_D5_673_GAMMA_HANDOFF_VERIFICATION.md
REPORT_MATRIX=diretor_orientacoes/CP_D5_675_MATRIZ_INTEGRACAO_CONDICIONADA.md
ROUTE_MAIN=R4>R5>R6
ROUTE_SUPPORT=R5>R6
GROUNDING_LIMIT_M=0.05
STORYBOARD_TARGET_PERCENT=85
LIGHT_LIMIT=16
PRODUCTION_MODULES_CHANGED=false
BACKUP=/home/ubuntu/BACKUPS_ORIGEM/BK21_08_2026_01_47
PRESENT=levels/dev5/GammaR4R5R6MirrorContract.json
PRESENT=levels/dev5/GammaR4R5R6MirrorPreview.tscn
PRESENT=levels/dev5/GammaR5PropGroundingPreview.tscn
PRESENT=levels/dev5/GammaR5R6TransitionPreview.tscn
PRESENT=diretor_orientacoes/GAMMA_ESPELHO_01_RELATORIO.md
PRESENT=diretor_orientacoes/APOIO_GAMMA_01_RELATORIO.md
PRESENT=diretor_orientacoes/APOIO_GAMMA_02_RELATORIO.md
PRESENT=diretor_orientacoes/CP_D5_673_GAMMA_HANDOFF_VERIFICATION.md
PRESENT=diretor_orientacoes/CP_D5_675_MATRIZ_INTEGRACAO_CONDICIONADA.md
PRESENT=/home/ubuntu/BACKUPS_ORIGEM/BK21_08_2026_01_47/BACKUP_MANIFEST.txt
