Godot Engine v4.7.1.stable.official.a13da4feb - https://godotengine.org
WARNING: Could not set V-Sync mode, as changing V-Sync mode is not supported by the graphics driver.
     at: set_use_vsync (platform/linuxbsd/x11/gl_manager_x11.cpp:372)
OpenGL API 4.5 (Core Profile) Mesa 25.2.8-0ubuntu0.24.04.2 - Compatibility - Using Device: Mesa - llvmpipe (LLVM 20.1.2, 256 bits)
WARNING: Started the engine as `root`/superuser. This is a security risk, and subsystems like audio may not work correctly.
Set the environment variable `GODOT_SILENCE_ROOT_WARNING` to 1 to silence this warning.
     at: setup2 (main/main.cpp:3577)
ALSA lib confmisc.c:855:(parse_card) cannot find card '0'
ALSA lib conf.c:5208:(_snd_config_evaluate) function snd_func_card_inum returned error: No such file or directory
ALSA lib confmisc.c:422:(snd_func_concat) error evaluating strings
ALSA lib conf.c:5208:(_snd_config_evaluate) function snd_func_concat returned error: No such file or directory
ALSA lib confmisc.c:1342:(snd_func_refer) error evaluating name
ALSA lib conf.c:5208:(_snd_config_evaluate) function snd_func_refer returned error: No such file or directory
ALSA lib conf.c:5731:(snd_config_expand) Evaluate error: No such file or directory
ALSA lib pcm.c:2721:(snd_pcm_open_noupdate) Unknown PCM default
ERROR: Condition "status < 0" is true. Returning: ERR_CANT_OPEN
   at: init_output_device (drivers/alsa/audio_driver_alsa.cpp:97)
WARNING: All audio drivers failed, falling back to the dummy driver.
     at: initialize (servers/audio/audio_server.cpp:258)

WARNING: FSR1 3D scaling is only available when using the Forward+ renderer.
     at: viewport_set_scaling_3d_mode (servers/rendering/renderer_viewport.cpp:1028)
CLOSEUP_PAIR R1 CASA VOSS -> R2 ESTRADA DO RIO source_distance=4.045
CORRIDOR_SOURCE R2->R6 segments=4 distance=370.633
CLOSEUP_SOURCE R1=(-22.0, 8.0) R2=(-21.4, 12.0) R6=(60.0, 252.0)
CLOSEUP_LIGHT_BUDGET=PASS dynamic_lights=1 max=16
CLOSEUP_CORRIDOR_DYNAMIC progress=0.00
CLOSEUP_CORRIDOR_DYNAMIC progress=0.10
CLOSEUP_CORRIDOR_DYNAMIC progress=0.19
CLOSEUP_CORRIDOR_DYNAMIC progress=0.29
CLOSEUP_CORRIDOR_DYNAMIC progress=0.39
CLOSEUP_CORRIDOR_DYNAMIC progress=0.49
CLOSEUP_CORRIDOR_DYNAMIC progress=0.58
CLOSEUP_CORRIDOR_DYNAMIC progress=0.68
CLOSEUP_CORRIDOR_DYNAMIC progress=0.78
CLOSEUP_CORRIDOR_DYNAMIC progress=0.87
CLOSEUP_CORRIDOR_DYNAMIC progress=0.97
CLOSEUP_SCOPE_GUARD=PASS R1-R6_dev1_readonly_standby
CP-D2-R1R6-031_R1_R2_CLOSEUP_R2_R6_CORRIDOR=PASS
