Godot Engine v4.7.1.stable.official.a13da4feb - https://godotengine.org

WARNING: FSR1 3D scaling is only available when using the Forward+ renderer.
     at: viewport_set_scaling_3d_mode (servers/rendering/renderer_viewport.cpp:1028)
[ORIGEM_R4_UNDERSTORY] ajustados=12 clareira_protegida=0 minima=6.16 luzes=0
[ORIGEM_R4_LORE] vestigios=3 luzes=0 faixa=126-151
[ORIGEM_R6_ARRIVAL] pilares_existentes=2 luzes=0 nos_novos=0
[ORIGEM_R4_CANOPY] ajustadas=26 clareira_protegida=20 corredor_rejeitado=0 luzes=0
[ORIGEM_R4_VISTA] ajustadas=6 clareira_protegida=2 corredor_rejeitado=0 luzes=0
[ORIGEM_R4_APPROACH] ajustados=24 clareira_protegida=23 corredor_rejeitado=0 luzes=0
[ORIGEM_R4_EDGE] ajustados=3 corredor_rejeitado=0 luzes=0
[ORIGEM_R4_SILHOUETTE] ajustadas=8 colisores_ignorados=6 corredor_rejeitado=0 luzes=0
[ORIGEM_R4_DEPTH] ajustados=3 corredor_rejeitado=0 luzes=0
[ORIGEM_R4_READABILITY] ajustadas=4 corredor_rejeitado=0 luzes=0
[ORIGEM_R4_PACING] ajustadas=2 corredor_rejeitado=0 luzes=0
[ORIGEM_R4_MARGIN] ajustadas=2 corredor_rejeitado=0 luzes=0
[ORIGEM_R4_COMPOSITION] ajustadas=2 colisores_ignorados=1 corredor_rejeitado=0 luzes=0
[ORIGEM_R4_EDGE_RHYTHM] ajustadas=1 corredor_rejeitado=0 luzes=0
[ORIGEM_R4_THRESHOLD] ajustadas=2 corredor_rejeitado=0 luzes=0
[ORIGEM_R4_ENTRY_BALANCE] ajustados=2 corredor_rejeitado=0 luzes=0
[ORIGEM_R4_LIMINAL_DEPTH] ajustadas=1 colisores_preservados=0 luzes=0
[ORIGEM_R4_OUTER_MARGIN] ajustadas=2 rejeitadas=0 luzes=0
[ORIGEM_R4_CANOPY_EDGE] ajustadas=1 colisores_preservados=0 luzes=0
[ORIGEM_R4_OUTER_SILHOUETTE] ajustadas=8 colisores_preservados=0 luzes=0
[ORIGEM_R4_OUTER_RHYTHM] arvores_existentes_ajustadas=8 luzes=0
[ORIGEM_R4_OUTER_DEPTH] arvores_existentes_ajustadas=3 luzes=0
[ORIGEM_R4_OUTER_LATERAL] arvores_existentes_ajustadas=2 luzes=0
[ORIGEM_R4_OUTER_VISTA] arvores_existentes_ajustadas=2 luzes=0
[ORIGEM_R4_OUTER_RHYTHM_FINAL] arvores_existentes_ajustadas=2 luzes=0
[ORIGEM_R4_OUTER_CLOSURE] arvores_existentes_ajustadas=2 luzes=0
[ORIGEM_R4_OUTER_READABILITY_FINAL] arvores_existentes_ajustadas=2 luzes=0
[ORIGEM_R4_OUTER_OBSERVATION] arvores_existentes_ajustadas=2 luzes=0
[ORIGEM_R4_OUTER_REVIEW] arvores_existentes_ajustadas=2 luzes=0
[ORIGEM_R4_OUTER_CONSOLIDATION] arvores_existentes_ajustadas=2 luzes=0
[ORIGEM_R4_OUTER_STABILIZATION] arvores_existentes_ajustadas=2 luzes=0
[ORIGEM_R4_OUTER_RECONCILIATION] arvores_existentes_ajustadas=2 luzes=0
[ORIGEM_R4_OUTER_CONSISTENCY] arvores_existentes_ajustadas=2 luzes=0
[ORIGEM_R4_OUTER_CHECK] arvores_existentes_ajustadas=2 luzes=0
[ORIGEM_R4_OUTER_FINALIZATION] arvores_existentes_ajustadas=2 luzes=0
[ORIGEM_R4_MIST] materiais=128 clareira_protegida=42 luzes=0
[ORIGEM_R5_ARRIVAL_READING] bases_existentes_ajustadas=2 luzes=0
[ORIGEM_R5_EDGE] rolos_existentes_ajustados=3 luzes=0
[ORIGEM_R5_VISTA] costuras_existentes_ajustadas=2 luzes=0
[ORIGEM_R5_FOCAL] caixas_existentes_ajustadas=2 luzes=0
[ORIGEM_R5_RHYTHM_FINAL] caixas_existentes_ajustadas=2 luzes=0
[ORIGEM_R5_CLOSURE] caixas_existentes_ajustadas=2 luzes=0
[ORIGEM_R5_READABILITY_FINAL] caixas_existentes_ajustadas=2 luzes=0
[ORIGEM_R5_OBSERVATION] caixas_existentes_ajustadas=2 luzes=0
[ORIGEM_R5_REVIEW] caixas_existentes_ajustadas=2 luzes=0
[ORIGEM_R5_CONSOLIDATION] caixas_existentes_ajustadas=2 luzes=0
[ORIGEM_R5_STABILIZATION] caixas_existentes_ajustadas=2 luzes=0
[ORIGEM_R5_RECONCILIATION] caixas_existentes_ajustadas=2 luzes=0
[ORIGEM_R5_CONSISTENCY] caixas_existentes_ajustadas=2 luzes=0
[ORIGEM_R5_CHECK] caixas_existentes_ajustadas=2 luzes=0
[ORIGEM_R5_FINALIZATION] caixas_existentes_ajustadas=2 luzes=0
[ORIGEM_R5_WIND] lonas=2 cordas=2 luzes=0
[ORIGEM_R6_WATERLINE] conjuntos=3 vestigios=9 luzes=0
[ORIGEM_R6_EASTERN_MARGIN] vestigios_existentes_ajustados=3 luzes=0
[ORIGEM_R6_EASTERN_DEPTH] vestigios_existentes_ajustados=3 luzes=0
[ORIGEM_R6_EASTERN_LATERAL] vestigios_existentes_ajustados=3 luzes=0
[ORIGEM_R6_EASTERN_VISTA] vestigios_existentes_ajustados=3 luzes=0
[ORIGEM_R6_EASTERN_RHYTHM_FINAL] vestigios_existentes_ajustados=3 luzes=0
[ORIGEM_R6_EASTERN_CLOSURE] vestigios_existentes_ajustados=3 luzes=0
[ORIGEM_R6_EASTERN_READABILITY_FINAL] vestigios_existentes_ajustados=3 luzes=0
[ORIGEM_R6_EASTERN_OBSERVATION] vestigios_existentes_ajustados=3 luzes=0
[ORIGEM_R6_EASTERN_REVIEW] vestigios_existentes_ajustados=3 luzes=0
[ORIGEM_R6_EASTERN_CONSOLIDATION] vestigios_existentes_ajustados=3 luzes=0
[ORIGEM_R6_EASTERN_STABILIZATION] vestigios_existentes_ajustados=3 luzes=0
[ORIGEM_R6_EASTERN_RECONCILIATION] vestigios_existentes_ajustados=3 luzes=0
[ORIGEM_R6_EASTERN_CONSISTENCY] vestigios_existentes_ajustados=3 luzes=0
[ORIGEM_R6_EASTERN_CHECK] vestigios_existentes_ajustados=3 luzes=0
[ORIGEM_R6_EASTERN_FINALIZATION] vestigios_existentes_ajustados=3 luzes=0
[ORIGEM_R6_BASIN_VISTA] rochas_existentes_ajustadas=3 luzes=0
[ORIGEM_R6_OUTER_WATERLINE] acentos_existentes_ajustados=5 luzes=0
[ORIGEM_R6_RUNTIME_COMPOSITION] water=(60.0, 0.82, 252.0) stela=(52.0, 2.27, 231.0) debris=9 arrival=3 dome=(60.0, 0.72, 252.0) pillars=8 landmarks=3 lights=0 colliders=0
ERROR: Parameter "material" is null.
   at: material_get_instance_shader_parameters (servers/rendering/dummy/storage/material_storage.cpp:264)
ERROR: Parameter "material" is null.
   at: material_get_instance_shader_parameters (servers/rendering/dummy/storage/material_storage.cpp:264)
ERROR: Parameter "material" is null.
   at: material_get_instance_shader_parameters (servers/rendering/dummy/storage/material_storage.cpp:264)
ERROR: Parameter "material" is null.
   at: material_get_instance_shader_parameters (servers/rendering/dummy/storage/material_storage.cpp:264)
ERROR: Parameter "material" is null.
   at: material_get_instance_shader_parameters (servers/rendering/dummy/storage/material_storage.cpp:264)
ERROR: Parameter "material" is null.
   at: material_get_instance_shader_parameters (servers/rendering/dummy/storage/material_storage.cpp:264)
ERROR: Parameter "material" is null.
   at: material_get_instance_shader_parameters (servers/rendering/dummy/storage/material_storage.cpp:264)
ERROR: Parameter "material" is null.
   at: material_get_instance_shader_parameters (servers/rendering/dummy/storage/material_storage.cpp:264)
ERROR: Parameter "material" is null.
   at: material_get_instance_shader_parameters (servers/rendering/dummy/storage/material_storage.cpp:264)
