[ORIGEM_R6_ROUTE_REGRESSION] run_dir=/tmp/origem_r6_route_regression_pipeline_stable/r6-route-regression-20260826T102107Z baseline=/home/ubuntu/origem_audit/repo-integration-rehearsal-402/qa/r6/route_telemetry_baseline.tsv tolerance=0.050
[ORIGEM_R6_ROUTE_REGRESSION] stage=capture_matrix status=START
/tmp/origem_r6_route_regression_pipeline_stable/r6-route-regression-20260826T102107Z/forest_to_ruins/forest_to_ruins_postload.png PNG 1600x900 1600x900+0+0 8-bit sRGB 982288B 0.000u 0:00.000
[ORIGEM_QA_ROUTE] Spawn Floresta–Ruínas ativo em (9.765063, 1.19831, 194.0); alvo=(14.0, 1.19831, 225.0)
[ORIGEM_R6_RUNTIME_COMPOSITION] water=(60.0, 0.82, 252.0) stela=(52.0, 2.27, 231.0) debris=9 arrival=3 dome=(60.0, 0.72, 252.0) pillars=8 landmarks=3 lights=0 colliders=0
route=forest_to_ruins evidence=/tmp/origem_r6_route_regression_pipeline_stable/r6-route-regression-20260826T102107Z/forest_to_ruins/forest_to_ruins_postload.png
/tmp/origem_r6_route_regression_pipeline_stable/r6-route-regression-20260826T102107Z/majestic_to_lake/majestic_to_lake_postload.png PNG 1600x900 1600x900+0+0 8-bit sRGB 961315B 0.000u 0:00.000
[ORIGEM_QA_ROUTE] Spawn Majestic–lago ativo em (-77.4, 2.413917, 178.0); primeira_perna=(7.330349, 2.413917, 186.0)
[ORIGEM_R6_RUNTIME_COMPOSITION] water=(60.0, 0.82, 252.0) stela=(52.0, 2.27, 231.0) debris=9 arrival=3 dome=(60.0, 0.72, 252.0) pillars=8 landmarks=3 lights=0 colliders=0
route=majestic_to_lake evidence=/tmp/origem_r6_route_regression_pipeline_stable/r6-route-regression-20260826T102107Z/majestic_to_lake/majestic_to_lake_postload.png
/tmp/origem_r6_route_regression_pipeline_stable/r6-route-regression-20260826T102107Z/ruins_arrival/ruins_arrival_postload.png PNG 1600x900 1600x900+0+0 8-bit sRGB 991.275KiB 0.000u 0:00.000
[ORIGEM_QA_ROUTE] Spawn Chegada Ruínas ativo em (13.67871, 1.25383, 222.0); alvo=(54.0, 1.25383, 252.0)
[ORIGEM_R6_RUNTIME_COMPOSITION] water=(60.0, 0.82, 252.0) stela=(52.0, 2.27, 231.0) debris=9 arrival=3 dome=(60.0, 0.72, 252.0) pillars=8 landmarks=3 lights=0 colliders=0
route=ruins_arrival evidence=/tmp/origem_r6_route_regression_pipeline_stable/r6-route-regression-20260826T102107Z/ruins_arrival/ruins_arrival_postload.png
routes=forest_to_ruins majestic_to_lake ruins_arrival 
forest_to_ruins: [ORIGEM_R6_RUNTIME_COMPOSITION] water=(60.0, 0.82, 252.0) stela=(52.0, 2.27, 231.0) debris=9 arrival=3 dome=(60.0, 0.72, 252.0) pillars=8 landmarks=3 lights=0 colliders=0
majestic_to_lake: [ORIGEM_R6_RUNTIME_COMPOSITION] water=(60.0, 0.82, 252.0) stela=(52.0, 2.27, 231.0) debris=9 arrival=3 dome=(60.0, 0.72, 252.0) pillars=8 landmarks=3 lights=0 colliders=0
ruins_arrival: [ORIGEM_R6_RUNTIME_COMPOSITION] water=(60.0, 0.82, 252.0) stela=(52.0, 2.27, 231.0) debris=9 arrival=3 dome=(60.0, 0.72, 252.0) pillars=8 landmarks=3 lights=0 colliders=0
[ORIGEM_R6_ROUTE_REGRESSION] stage=capture_matrix status=PASS
[ORIGEM_R6_ROUTE_REGRESSION] stage=extract_telemetry status=START
# Telemetria de Vetores R6

| Rota | Spawn `(x, y, z)` | Alvo `(x, y, z)` | Δx | Δz | Distância horizontal |
|---|---:|---:|---:|---:|---:|
| `forest_to_ruins` | `(9.765, 1.198, 194.000)` | `(14.000, 1.198, 225.000)` | 4.235 | 31.000 | 31.288 m |
| `majestic_to_lake` | `(-77.400, 2.414, 178.000)` | `(7.330, 2.414, 186.000)` | 84.730 | 8.000 | 85.107 m |
| `ruins_arrival` | `(13.679, 1.254, 222.000)` | `(54.000, 1.254, 252.000)` | 40.321 | 30.000 | 50.257 m |
[ORIGEM_R6_ROUTE_REGRESSION] stage=extract_telemetry status=PASS
[ORIGEM_R6_ROUTE_REGRESSION] stage=verify_baseline status=START
[ORIGEM_R6_TELEMETRY_BASELINE] rota=forest_to_ruins max_delta=0.000 tolerance=0.050 PASS
[ORIGEM_R6_TELEMETRY_BASELINE] rota=majestic_to_lake max_delta=0.000 tolerance=0.050 PASS
[ORIGEM_R6_TELEMETRY_BASELINE] rota=ruins_arrival max_delta=0.000 tolerance=0.050 PASS
[ORIGEM_R6_ROUTE_REGRESSION] stage=verify_baseline status=PASS
[ORIGEM_R6_ROUTE_REGRESSION_PIPELINE_OK] run_dir=/tmp/origem_r6_route_regression_pipeline_stable/r6-route-regression-20260826T102107Z routes=3 tolerance=0.050
